// Vitest Snapshot v1, https://vitest.dev/guide/snapshot.html

exports[`Input snapshot > renders all states in dark mode 1`] = `
<div>
  <div
    class="flex flex-col gap-1.5"
  >
    <label
      class="font-label text-sm font-medium text-[var(--color-on-surface)]"
      for="_r_0_"
    >
      Default
    </label>
    <div
      class="relative"
    >
      <input
        aria-invalid="false"
        class="w-full bg-[var(--color-surface-base)] text-body placeholder:text-[var(--color-on-surface-variant)] shadow-[inset_0_0_0_1px] shadow-[var(--color-on-surface)]/10 focus:outline-none focus:shadow-[inset_0_0_0_2px] focus:shadow-[var(--color-brand)] disabled:opacity-50 disabled:cursor-not-allowed transition-all duration-[var(--duration-fast)] ease-[var(--ease-out-expo)] px-4 py-3 text-sm leading-6 rounded-lg"
        id="_r_0_"
        placeholder="Type here..."
      />
    </div>
  </div>
  <div
    class="flex flex-col gap-1.5"
  >
    <label
      class="font-label text-sm font-medium text-[var(--color-on-surface)]"
      for="_r_1_"
    >
      With Error
    </label>
    <div
      class="relative"
    >
      <input
        aria-describedby="_r_1_-error"
        aria-invalid="true"
        class="w-full bg-[var(--color-surface-base)] text-body placeholder:text-[var(--color-on-surface-variant)] shadow-[var(--color-on-surface)]/10 focus:outline-none focus:shadow-[var(--color-brand)] disabled:opacity-50 disabled:cursor-not-allowed transition-all duration-[var(--duration-fast)] ease-[var(--ease-out-expo)] shadow-[inset_0_0_0_1.5px_var(--color-error)] focus:shadow-[inset_0_0_0_2px_var(--color-error)] px-4 py-3 text-sm leading-6 rounded-lg"
        id="_r_1_"
      />
    </div>
    <p
      class="text-sm text-[var(--color-error)]"
      id="_r_1_-error"
      role="alert"
    >
      Something went wrong
    </p>
  </div>
  <div
    class="flex flex-col gap-1.5"
  >
    <label
      class="font-label text-sm font-medium text-[var(--color-on-surface)]"
      for="_r_2_"
    >
      Disabled
    </label>
    <div
      class="relative"
    >
      <input
        aria-invalid="false"
        class="w-full bg-[var(--color-surface-base)] text-body placeholder:text-[var(--color-on-surface-variant)] shadow-[inset_0_0_0_1px] shadow-[var(--color-on-surface)]/10 focus:outline-none focus:shadow-[inset_0_0_0_2px] focus:shadow-[var(--color-brand)] disabled:opacity-50 disabled:cursor-not-allowed transition-all duration-[var(--duration-fast)] ease-[var(--ease-out-expo)] px-4 py-3 text-sm leading-6 rounded-lg"
        disabled=""
        id="_r_2_"
        value="Can't edit"
      />
    </div>
  </div>
  <div
    class="flex flex-col gap-1.5"
  >
    <label
      class="font-label text-sm font-medium text-[var(--color-on-surface)]"
      for="_r_3_"
    >
      Textarea
    </label>
    <div
      class="relative"
    >
      <textarea
        aria-invalid="false"
        class="w-full bg-[var(--color-surface-base)] text-body placeholder:text-[var(--color-on-surface-variant)] shadow-[inset_0_0_0_1px] shadow-[var(--color-on-surface)]/10 focus:outline-none focus:shadow-[inset_0_0_0_2px] focus:shadow-[var(--color-brand)] disabled:opacity-50 disabled:cursor-not-allowed transition-all duration-[var(--duration-fast)] ease-[var(--ease-out-expo)] px-4 py-3 text-sm leading-6 rounded-lg min-h-[100px] resize-y"
        id="_r_3_"
        placeholder="Write more..."
      />
    </div>
  </div>
</div>
`;
