// Vitest Snapshot v1, https://vitest.dev/guide/snapshot.html

exports[`Button snapshot > renders all variants in dark mode 1`] = `
<div>
  <button
    class="inline-flex items-center justify-center rounded-md font-medium select-none transition-all duration-[var(--duration-fast)] ease-[var(--ease-out-expo)] disabled:opacity-50 disabled:pointer-events-none disabled:hover:translate-y-0 disabled:active:scale-100 bg-[var(--color-brand)] hover:opacity-90 active:scale-[0.98] focus-visible:ring-2 focus-visible:ring-[var(--color-brand)] focus-visible:ring-offset-2 focus-visible:ring-offset-[var(--color-surface-base)] h-10 px-4 text-label text-base gap-2"
    type="button"
  >
    Primary
  </button>
  <button
    class="inline-flex items-center justify-center rounded-md font-medium select-none transition-all duration-[var(--duration-fast)] ease-[var(--ease-out-expo)] disabled:opacity-50 disabled:pointer-events-none disabled:hover:translate-y-0 disabled:active:scale-100 border border-[var(--color-brand)] hover:bg-[var(--color-brand-container)] active:scale-[0.98] focus-visible:ring-2 focus-visible:ring-[var(--color-brand)] focus-visible:ring-offset-2 focus-visible:ring-offset-[var(--color-surface-base)] h-10 px-4 text-label text-base gap-2"
    type="button"
  >
    Secondary
  </button>
  <button
    class="inline-flex items-center justify-center rounded-md font-medium select-none transition-all duration-[var(--duration-fast)] ease-[var(--ease-out-expo)] disabled:opacity-50 disabled:pointer-events-none disabled:hover:translate-y-0 disabled:active:scale-100 bg-transparent hover:bg-[var(--color-surface-elevated-2)] active:scale-[0.98] focus-visible:ring-2 focus-visible:ring-[var(--color-on-surface)]/20 h-10 px-4 text-label text-base gap-2"
    type="button"
  >
    Ghost
  </button>
  <button
    class="inline-flex items-center justify-center rounded-md font-medium select-none transition-all duration-[var(--duration-fast)] ease-[var(--ease-out-expo)] disabled:opacity-50 disabled:pointer-events-none disabled:hover:translate-y-0 disabled:active:scale-100 bg-[var(--color-error)] hover:opacity-90 active:scale-[0.98] focus-visible:ring-2 focus-visible:ring-[var(--color-error)] focus-visible:ring-offset-2 focus-visible:ring-offset-[var(--color-surface-base)] h-10 px-4 text-label text-base gap-2"
    type="button"
  >
    Danger
  </button>
  <button
    class="inline-flex items-center justify-center rounded-md font-medium select-none transition-all duration-[var(--duration-fast)] ease-[var(--ease-out-expo)] disabled:opacity-50 disabled:pointer-events-none disabled:hover:translate-y-0 disabled:active:scale-100 bg-[var(--color-brand)] hover:opacity-90 active:scale-[0.98] focus-visible:ring-2 focus-visible:ring-[var(--color-brand)] focus-visible:ring-offset-2 focus-visible:ring-offset-[var(--color-surface-base)] h-8 px-3 text-label text-sm gap-1.5"
    type="button"
  >
    Small
  </button>
  <button
    class="inline-flex items-center justify-center rounded-md font-medium select-none transition-all duration-[var(--duration-fast)] ease-[var(--ease-out-expo)] disabled:opacity-50 disabled:pointer-events-none disabled:hover:translate-y-0 disabled:active:scale-100 bg-[var(--color-brand)] hover:opacity-90 active:scale-[0.98] focus-visible:ring-2 focus-visible:ring-[var(--color-brand)] focus-visible:ring-offset-2 focus-visible:ring-offset-[var(--color-surface-base)] h-12 px-6 text-label text-lg gap-2.5"
    type="button"
  >
    Large
  </button>
  <button
    class="inline-flex items-center justify-center rounded-md font-medium select-none transition-all duration-[var(--duration-fast)] ease-[var(--ease-out-expo)] disabled:opacity-50 disabled:pointer-events-none disabled:hover:translate-y-0 disabled:active:scale-100 bg-[var(--color-brand)] hover:opacity-90 active:scale-[0.98] focus-visible:ring-2 focus-visible:ring-[var(--color-brand)] focus-visible:ring-offset-2 focus-visible:ring-offset-[var(--color-surface-base)] h-10 px-4 text-label text-base gap-2"
    disabled=""
    type="button"
  >
    <svg
      aria-label="Loading"
      class="animate-spin h-4 w-4"
      fill="none"
      viewBox="0 0 24 24"
      xmlns="http://www.w3.org/2000/svg"
    >
      <circle
        class="opacity-25"
        cx="12"
        cy="12"
        r="10"
        stroke="currentColor"
        stroke-width="4"
      />
      <path
        class="opacity-75"
        d="M4 12a8 8 0 018-8V0C5.373 0 0 5.373 0 12h4z"
        fill="currentColor"
      />
    </svg>
    Loading
  </button>
  <button
    class="inline-flex items-center justify-center rounded-md font-medium select-none transition-all duration-[var(--duration-fast)] ease-[var(--ease-out-expo)] disabled:opacity-50 disabled:pointer-events-none disabled:hover:translate-y-0 disabled:active:scale-100 bg-[var(--color-brand)] hover:opacity-90 active:scale-[0.98] focus-visible:ring-2 focus-visible:ring-[var(--color-brand)] focus-visible:ring-offset-2 focus-visible:ring-offset-[var(--color-surface-base)] h-10 px-4 text-label text-base gap-2"
    disabled=""
    type="button"
  >
    Disabled
  </button>
</div>
`;
